// Jest Snapshot v1, https://goo.gl/fbAQLP

exports[`MainPage snapshot should match the previous snapshot 1`] = `
<RCTSafeAreaView
  emulateUnlessSupported={true}
  style={
    Object {
      "alignItems": "center",
      "backgroundColor": "#F5FCFF",
      "flex": 1,
      "justifyContent": "center",
    }
  }
>
  <View
    style={
      Object {
        "backgroundColor": "green",
        "padding": 8,
        "width": "100%",
      }
    }
  >
    <Text
      style={
        Object {
          "alignSelf": "center",
          "fontWeight": "bold",
        }
      }
    >
      Movie Reviews
    </Text>
  </View>
  <RCTScrollView>
    <View />
  </RCTScrollView>
</RCTSafeAreaView>
`;
